start steps=400000 2026-10-07T22:04:41Z
dqn_cnn_eps0.05_epsd50000_fc2-250000-600000_reloc 501 8477 eps, 9227s
dqn_cnn_eps0.05_epsd50000_fc2-250000-600000_reloc 502 6818 eps, 9248s
dqn_cnn_eps0.05_epsd50000_fc2-250000-600000_reloc 503 6479 eps, 9260s
nec_cnn_eps0.05_epsd50000_fc2-250000-600000_reloc 504 13863 eps, 10907s
nec_cnn_eps0.05_epsd50000_fc2-250000-600000_reloc 503 14573 eps, 10927s
nec_cnn_eps0.05_epsd50000_fc2-250000-600000_reloc 502 14521 eps, 10943s
nec_cnn_eps0.05_epsd50000_fc2-250000-600000_reloc 501 14729 eps, 10991s
nec_cnn_eps0.05_epsd50000_fc2-250000-600000_reloc 505 14782 eps, 10995s
dqn_eps0.05_epsd50000_fc2-250000-600000_reloc 501 8862 eps, 385s
dqn_eps0.05_epsd50000_fc2-250000-600000_reloc 502 10179 eps, 386s
dqn_eps0.05_epsd50000_fc2-250000-600000_reloc 503 10101 eps, 387s
dqn_eps0.05_epsd50000_fc2-250000-600000_reloc 504 9405 eps, 389s
nec_eps0.05_epsd50000_fc2-250000-600000_reloc 501 21354 eps, 3607s
random_eps0.05_epsd50000_fc2-250000-600000_reloc 501 50145 eps, 53s
dqn_eps0.05_epsd50000_fc2-250000-600000_reloc 505 10013 eps, 381s
random_eps0.05_epsd50000_fc2-250000-600000_reloc 502 50803 eps, 52s
random_eps0.05_epsd50000_fc2-250000-600000_reloc 503 50359 eps, 52s
random_eps0.05_epsd50000_fc2-250000-600000_reloc 504 50486 eps, 52s
random_eps0.05_epsd50000_fc2-250000-600000_reloc 505 50110 eps, 52s
nec_eps0.05_epsd50000_fc2-250000-600000_reloc 504 20358 eps, 3305s
nec_eps0.05_epsd50000_fc2-250000-600000_reloc 502 20196 eps, 3348s
nec_eps0.05_epsd50000_fc2-250000-600000_reloc 503 20018 eps, 3356s
nec_eps0.05_epsd50000_fc2-250000-600000_reloc 505 21151 eps, 3351s
dqn_cnn_eps0.05_epsd50000_fc2-250000-600000_reloc 505 7586 eps, 6153s
dqn_cnn_eps0.05_epsd50000_fc2-250000-600000_reloc 504 6094 eps, 6188s
end 2026-10-08T02:21:42Z
