start pilot steps=150000 2026-10-06T18:10:13Z
random 1 18596 eps, 1s
dqn 1 854 eps, 127s
dqn_nstep 1 1127 eps, 128s
ec_frozen 2 594 eps, 225s
random 2 18306 eps, 2s
ec_frozen 1 569 eps, 246s
mfec 2 605 eps, 256s
dqn 2 907 eps, 138s
dqn_nstep 2 811 eps, 139s
mfec 1 631 eps, 280s
random 3 18553 eps, 2s
dqn 3 928 eps, 124s
dqn_nstep 3 713 eps, 125s
mfec 3 555 eps, 210s
ec_frozen 3 615 eps, 238s
nec 1 926 eps, 792s
nec 2 1034 eps, 800s
nec 3 1732 eps, 740s
end pilot 2026-10-06T18:26:20Z
start pilot steps=300000 2026-10-06T18:26:36Z
random 1 36920 eps, 3s
dqn_nstep 1 1482 eps, 264s
dqn 1 1227 eps, 264s
dqn 2 1288 eps, 282s
dqn_nstep 2 1125 eps, 284s
random 2 37013 eps, 3s
ec_frozen 2 757 eps, 654s
ec_frozen 1 783 eps, 713s
mfec 2 788 eps, 783s
mfec 1 806 eps, 863s
random 3 36844 eps, 3s
dqn_nstep 3 978 eps, 253s
dqn 3 1413 eps, 233s
ec_frozen 3 794 eps, 712s
mfec 3 742 eps, 639s
nec 2 1319 eps, 1816s
nec 1 1142 eps, 1828s
nec 3 2854 eps, 1748s
end pilot 2026-10-06T19:04:53Z
