start 2026-10-05T14:58:18Z
dqn 101 1286 eps, 5s
dqn 101 476 eps, 7s
random 101 2970 eps, 0s
random 101 3511 eps, 0s
random 101 3511 eps, 0s
dqn 101 688 eps, 4s
mfec 101 762 eps, 31s
mfec 101 515 eps, 64s
mfec 101 2915 eps, 98s
nec 101 2704 eps, 118s
mfec 102 523 eps, 57s
nec 102 2645 eps, 120s
dqn 102 474 eps, 8s
dqn 102 658 eps, 4s
random 102 2970 eps, 0s
dqn 102 2043 eps, 6s
random 102 3508 eps, 0s
random 102 3507 eps, 0s
nec 101 881 eps, 148s
mfec 102 800 eps, 33s
nec 102 1084 eps, 135s
mfec 102 3209 eps, 99s
mfec 103 547 eps, 61s
dqn 103 470 eps, 8s
dqn 103 2260 eps, 6s
dqn 103 663 eps, 4s
random 103 2992 eps, 0s
mfec 103 866 eps, 34s
random 103 3562 eps, 0s
random 103 3565 eps, 0s
nec 103 2467 eps, 123s
mfec 103 3095 eps, 99s
nec 101 430 eps, 288s
nec 102 515 eps, 283s
nec 103 884 eps, 148s
dqn 104 467 eps, 8s
dqn 104 1680 eps, 6s
dqn 104 669 eps, 4s
random 104 2995 eps, 0s
random 104 3491 eps, 0s
random 104 3494 eps, 0s
mfec 104 520 eps, 61s
mfec 104 860 eps, 38s
nec 104 2855 eps, 112s
nec 104 1527 eps, 123s
mfec 104 3050 eps, 99s
mfec 105 543 eps, 59s
dqn 105 491 eps, 8s
dqn 105 1734 eps, 6s
nec 103 515 eps, 287s
random 105 2987 eps, 0s
dqn 105 658 eps, 4s
mfec 105 808 eps, 35s
random 105 3468 eps, 0s
random 105 3476 eps, 0s
nec 105 2117 eps, 123s
nec 105 1093 eps, 134s
mfec 105 3107 eps, 97s
mfec 106 530 eps, 57s
mfec 106 774 eps, 35s
dqn 106 470 eps, 8s
dqn 106 1725 eps, 6s
random 106 2950 eps, 0s
random 106 3513 eps, 0s
random 106 3515 eps, 0s
dqn 106 669 eps, 4s
nec 104 425 eps, 289s
nec 106 2529 eps, 119s
nec 106 937 eps, 140s
mfec 106 2961 eps, 99s
mfec 107 819 eps, 35s
mfec 107 545 eps, 62s
dqn 107 455 eps, 8s
nec 105 445 eps, 293s
random 107 2968 eps, 0s
random 107 3550 eps, 0s
dqn 107 2157 eps, 6s
random 107 3550 eps, 0s
dqn 107 657 eps, 4s
nec 107 2679 eps, 116s
nec 107 1280 eps, 128s
mfec 107 3180 eps, 99s
mfec 108 814 eps, 33s
mfec 108 496 eps, 65s
dqn 108 476 eps, 8s
nec 106 511 eps, 282s
random 108 3003 eps, 0s
random 108 3493 eps, 0s
random 108 3498 eps, 0s
dqn 108 1948 eps, 6s
dqn 108 664 eps, 4s
nec 108 3073 eps, 115s
mfec 108 3145 eps, 99s
nec 108 867 eps, 147s
mfec 109 489 eps, 59s
dqn 109 499 eps, 8s
mfec 109 803 eps, 36s
dqn 109 653 eps, 4s
random 109 2920 eps, 0s
dqn 109 1588 eps, 6s
random 109 3457 eps, 0s
random 109 3455 eps, 0s
nec 107 518 eps, 286s
nec 109 2525 eps, 119s
mfec 109 3036 eps, 100s
nec 109 876 eps, 148s
nec 108 447 eps, 275s
mfec 110 555 eps, 61s
mfec 110 839 eps, 35s
dqn 110 495 eps, 8s
dqn 110 1448 eps, 6s
random 110 2929 eps, 0s
random 110 3504 eps, 0s
random 110 3500 eps, 0s
dqn 110 689 eps, 4s
nec 110 2616 eps, 116s
mfec 110 3049 eps, 86s
nec 110 970 eps, 131s
nec 109 489 eps, 257s
nec 110 442 eps, 226s
end 2026-10-05T15:15:23Z
