start 2026-10-09T09:24:30Z
nec_naturecnn_eps0.05_epsd50000_fc2-250000-600000_reloc 1 2196 eps, 561s
nec_naturecnn_eps0.05_epsd50000_fc2-250000-600000_reloc 1 2323 eps, 553s
nec_naturecnn_eps0.05_epsd50000_fc2-250000-600000_reloc 1 2477 eps, 554s
nec_naturecnn_eps0.05_epsd50000_fc2-250000-600000_reloc 2 2243 eps, 557s
dqn_dqncnn_rmsprop_lr0.00025_eps0.05_epsd50000_fc2-250000-600000_reloc 1 6127 eps, 2547s
dqn_dqncnn_rmsprop_lr0.00025_eps0.05_epsd50000_fc2-250000-600000_reloc 2 5723 eps, 2549s
nec_dqncnn_rmsprop_lr0.00025_eps0.05_epsd50000_fc2-250000-600000_reloc 2 7384 eps, 2659s
dqn_dqncnn_eps0.05_epsd50000_fc2-250000-600000_reloc 2 5515 eps, 2704s
dqn_dqncnn_eps0.05_epsd50000_fc2-250000-600000_reloc 1 5144 eps, 2705s
nec_dqncnn_rmsprop_lr0.00025_eps0.05_epsd50000_fc2-250000-600000_reloc 1 7003 eps, 2710s
nec_dqncnn_eps0.05_epsd50000_fc2-250000-600000_reloc 1 7225 eps, 2772s
nec_naturecnn_eps0.05_epsd50000_fc2-250000-600000_reloc 2 2543 eps, 555s
nec_dqncnn_eps0.05_epsd50000_fc2-250000-600000_reloc 2 7125 eps, 2789s
nec_naturecnn_eps0.05_epsd50000_fc2-250000-600000_reloc 2 2423 eps, 539s
nec_naturecnn_eps0.05_epsd50000_fc2-250000-600000_reloc 3 2269 eps, 542s
nec_naturecnn_eps0.05_epsd50000_fc2-250000-600000_reloc 3 2226 eps, 535s
dqn_dqncnn_rmsprop_lr0.00025 1 354 eps, 423s
dqn_dqncnn 1 290 eps, 452s
nec_naturecnn_eps0.05_epsd50000_fc2-250000-600000_reloc 3 2658 eps, 525s
nec_dqncnn_rmsprop_lr0.00025 1 261 eps, 698s
nec_dqncnn 1 271 eps, 736s
dqn_dqncnn 1 468 eps, 231s
dqn_dqncnn 2 292 eps, 418s
nec_dqncnn 2 285 eps, 731s
dqn_dqncnn_rmsprop_lr0.00025 2 328 eps, 379s
dqn_dqncnn_rmsprop_lr0.00025 1 542 eps, 207s
nec_dqncnn_rmsprop_lr0.00025 2 278 eps, 614s
dqn_dqncnn_rmsprop_lr0.00025 2 494 eps, 200s
dqn_dqncnn 2 469 eps, 216s
nec_dqncnn 1 456 eps, 526s
nec_dqncnn_rmsprop_lr0.00025 1 496 eps, 505s
dqn_dqncnn 1 1013 eps, 110s
dqn_dqncnn_rmsprop_lr0.00025 1 857 eps, 102s
dqn_dqncnn 2 972 eps, 110s
dqn_dqncnn_rmsprop_lr0.00025 2 932 eps, 108s
nec_dqncnn_rmsprop_lr0.00025 2 442 eps, 498s
nec_dqncnn 2 431 eps, 519s
nec_dqncnn 1 895 eps, 418s
nec_dqncnn_rmsprop_lr0.00025 1 984 eps, 408s
nec_dqncnn_rmsprop_lr0.00025 2 1297 eps, 433s
nec_dqncnn 2 1147 eps, 453s
nec_dqncnn_eps0.05_epsd50000_fc2-250000-600000_reloc 1 2568 eps, 437s
nec_dqncnn_eps0.05_epsd50000_fc2-250000-600000_reloc 1 2316 eps, 443s
nec_dqncnn_eps0.05_epsd50000_fc2-250000-600000_reloc 1 2205 eps, 462s
nec_dqncnn_rmsprop_lr0.00025_eps0.05_epsd50000_fc2-250000-600000_reloc 1 2234 eps, 446s
nec_dqncnn_eps0.05_epsd50000_fc2-250000-600000_reloc 1 315 eps, 491s
nec_dqncnn_eps0.05_epsd50000_fc2-250000-600000_reloc 1 2464 eps, 570s
nec_dqncnn_eps0.05_epsd50000_fc2-250000-600000_reloc 1 2252 eps, 578s
nec_dqncnn_eps0.05_epsd50000_fc2-250000-600000_reloc 2 2485 eps, 486s
nec_dqncnn_eps0.05_epsd50000_fc2-250000-600000_reloc 2 2185 eps, 490s
nec_dqncnn_eps0.05_epsd50000_fc2-250000-600000_reloc 2 2149 eps, 491s
nec_dqncnn_eps0.05_epsd50000_fc2-250000-600000_reloc 2 2364 eps, 577s
nec_dqncnn_rmsprop_lr0.00025_eps0.05_epsd50000_fc2-250000-600000_reloc 2 2534 eps, 452s
nec_dqncnn_eps0.05_epsd50000_fc2-250000-600000_reloc 2 2250 eps, 584s
nec_dqncnn_eps0.05_epsd50000_fc2-250000-600000_reloc 2 329 eps, 479s
nec_dqncnn_eps0.05_epsd50000_fc2-250000-600000_reloc 3 2492 eps, 469s
nec_dqncnn_eps0.05_epsd50000_fc2-250000-600000_reloc 3 2213 eps, 470s
nec_dqncnn_eps0.05_epsd50000_fc2-250000-600000_reloc 3 2216 eps, 432s
nec_dqncnn_eps0.05_epsd50000_fc2-250000-600000_reloc 3 2636 eps, 467s
nec_dqncnn_rmsprop_lr0.00025_eps0.05_epsd50000_fc2-250000-600000_reloc 3 2286 eps, 312s
nec_dqncnn_eps0.05_epsd50000_fc2-250000-600000_reloc 3 2428 eps, 428s
nec_dqncnn_eps0.05_epsd50000_fc2-250000-600000_reloc 3 302 eps, 304s
end 2026-10-09T10:51:07Z
