start 2026-10-08T21:37:47Z
random 1 5327 eps, 0s
random 1 3009 eps, 0s
random 1 1835 eps, 0s
random_eps0.05_epsd50000_fc2-250000-600000_reloc 1 13061 eps, 19s
random 2 5264 eps, 0s
random 2 2921 eps, 0s
random 2 1829 eps, 0s
random_eps0.05_epsd50000_fc2-250000-600000_reloc 2 12638 eps, 19s
nec_naturecnn_rmsprop_lr0.00025_eps0.05_epsd50000_fc2-250000-600000_reloc 2 6405 eps, 3153s
nec_naturecnn_rmsprop_lr0.00025_eps0.05_epsd50000_fc2-250000-600000_reloc 1 6453 eps, 3159s
nec_naturecnn_rmsprop_lr0.001_eps0.05_epsd50000_fc2-250000-600000_reloc 1 6461 eps, 3168s
nec_naturecnn_rmsprop_lr0.001_eps0.05_epsd50000_fc2-250000-600000_reloc 2 6419 eps, 3169s
nec_naturecnn_eps0.05_epsd50000_fc2-250000-600000_reloc 1 7182 eps, 3285s
nec_naturecnn_eps0.05_epsd50000_fc2-250000-600000_reloc 2 7206 eps, 3310s
dqn_naturecnn_rmsprop_lr0.00025_eps0.05_epsd50000_fc2-250000-600000_reloc 1 5310 eps, 3341s
dqn_naturecnn_eps0.05_epsd50000_fc2-250000-600000_reloc 2 5525 eps, 3481s
dqn_naturecnn_eps0.05_epsd50000_fc2-250000-600000_reloc 1 5643 eps, 3485s
ec_frozen_naturecnn_eps0.05_epsd50000_fc2-250000-600000_reloc 1 6747 eps, 554s
ec_frozen_naturecnn_eps0.05_epsd50000_fc2-250000-600000_reloc 2 6221 eps, 574s
mfec_eps0.05_epsd50000_fc2-250000-600000_reloc 1 5743 eps, 476s
mfec_eps0.05_epsd50000_fc2-250000-600000_reloc 1 5167 eps, 635s
mfec_eps0.05_epsd50000_fc2-250000-600000_reloc 2 5194 eps, 489s
mfec_eps0.05_epsd50000_fc2-250000-600000_reloc 2 5970 eps, 634s
nec_naturecnn 1 283 eps, 2050s
nec_naturecnn 2 279 eps, 2073s
nec_naturecnn_rmsprop_lr0.00025 1 273 eps, 1951s
nec_naturecnn_rmsprop_lr0.00025 2 263 eps, 1957s
nec_naturecnn_rmsprop_lr0.001 1 266 eps, 1951s
nec_naturecnn_rmsprop_lr0.001 2 280 eps, 1951s
dqn_naturecnn 1 271 eps, 2059s
mfec 1 475 eps, 184s
mfec 2 421 eps, 191s
mfec 1 318 eps, 69s
dqn_naturecnn 2 280 eps, 2047s
mfec 2 323 eps, 63s
ec_frozen_naturecnn 1 289 eps, 355s
ec_frozen_naturecnn 2 284 eps, 363s
dqn_naturecnn_rmsprop_lr0.00025_eps0.05_epsd50000_fc2-250000-600000_reloc 2 5375 eps, 3252s
dqn_naturecnn_rmsprop_lr0.00025 1 368 eps, 1961s
dqn_naturecnn_rmsprop_lr0.00025 2 370 eps, 1962s
nec_naturecnn_rmsprop_lr0.00025 1 474 eps, 1946s
nec_naturecnn_rmsprop_lr0.00025 2 477 eps, 1941s
nec_naturecnn_rmsprop_lr0.001 1 458 eps, 1945s
nec_naturecnn 1 434 eps, 2030s
nec_naturecnn 2 429 eps, 2018s
nec_naturecnn_rmsprop_lr0.001 2 431 eps, 1952s
mfec 1 520 eps, 75s
mfec 1 638 eps, 183s
mfec 2 655 eps, 181s
mfec 2 521 eps, 79s
ec_frozen_naturecnn 1 521 eps, 352s
ec_frozen_naturecnn 2 492 eps, 355s
dqn_naturecnn 1 440 eps, 2044s
dqn_naturecnn_rmsprop_lr0.00025 1 498 eps, 1970s
dqn_naturecnn 2 443 eps, 2056s
dqn_naturecnn_rmsprop_lr0.00025 2 492 eps, 1971s
nec_naturecnn_rmsprop_lr0.00025 1 1099 eps, 1898s
nec_naturecnn 2 896 eps, 2018s
nec_naturecnn 1 892 eps, 2020s
nec_naturecnn_rmsprop_lr0.00025 2 1118 eps, 1915s
nec_naturecnn_rmsprop_lr0.001 1 1196 eps, 1907s
nec_naturecnn_rmsprop_lr0.001 2 968 eps, 1916s
mfec 1 1206 eps, 201s
mfec 2 1107 eps, 196s
mfec 1 1084 eps, 79s
mfec 2 1210 eps, 77s
ec_frozen_naturecnn 2 961 eps, 321s
ec_frozen_naturecnn 1 938 eps, 328s
dqn_naturecnn 1 825 eps, 1548s
dqn_naturecnn 2 887 eps, 1518s
dqn_naturecnn_rmsprop_lr0.00025 1 854 eps, 1282s
dqn_naturecnn_rmsprop_lr0.00025 2 883 eps, 1163s
end 2026-10-09T00:45:16Z
